{"data":{"customerSceneNull":false,"diningCabinNames":["Cabin6","Cabin8","Cabin9"],"maxCustomers":6,"minSpawnIntervalSec":25.0,"spawnIntervalSec":60.0,"vipCabinName":"Cabin8"},"hypothesisId":"H5","location":"CustomerSpawner.gd:_ready","message":"spawner initialized","runId":"run-1","sessionId":"6da914","timestamp":1783190286779.0}
{"data":{"activeCustomers":0,"customerSceneNull":false,"servedCount":0},"hypothesisId":"H5","location":"CustomerSpawner.gd:_try_spawn_customer","message":"try spawn start","runId":"run-1","sessionId":"6da914","timestamp":1783190296907.0}
{"data":{"configuredCabins":["Cabin6","Cabin8","Cabin9"],"resolvedCount":3},"hypothesisId":"H6","location":"CustomerSpawner.gd:_resolve_dining_cabins","message":"resolved dining cabins","runId":"run-1","sessionId":"6da914","timestamp":1783190296909.0}
{"data":{"activeAfterSpawn":1,"cabin":"Cabin6","isVip":false},"hypothesisId":"H5","location":"CustomerSpawner.gd:_try_spawn_customer","message":"spawn success","runId":"run-1","sessionId":"6da914","timestamp":1783190296914.0}
{"data":{"activeCustomers":1,"customerSceneNull":false,"servedCount":0},"hypothesisId":"H5","location":"CustomerSpawner.gd:_try_spawn_customer","message":"try spawn start","runId":"run-1","sessionId":"6da914","timestamp":1783190304034.0}
{"data":{"configuredCabins":["Cabin6","Cabin8","Cabin9"],"resolvedCount":3},"hypothesisId":"H6","location":"CustomerSpawner.gd:_resolve_dining_cabins","message":"resolved dining cabins","runId":"run-1","sessionId":"6da914","timestamp":1783190304035.0}
{"data":{"activeAfterSpawn":2,"cabin":"Cabin9","isVip":false},"hypothesisId":"H5","location":"CustomerSpawner.gd:_try_spawn_customer","message":"spawn success","runId":"run-1","sessionId":"6da914","timestamp":1783190304041.0}
{"data":{"activeCustomers":1,"customerSceneNull":false,"servedCount":0},"hypothesisId":"H5","location":"CustomerSpawner.gd:_try_spawn_customer","message":"try spawn start","runId":"run-1","sessionId":"6da914","timestamp":1783190310809.0}
{"data":{"configuredCabins":["Cabin6","Cabin8","Cabin9"],"resolvedCount":3},"hypothesisId":"H6","location":"CustomerSpawner.gd:_resolve_dining_cabins","message":"resolved dining cabins","runId":"run-1","sessionId":"6da914","timestamp":1783190310810.0}
{"data":{"activeAfterSpawn":2,"cabin":"Cabin6","isVip":false},"hypothesisId":"H5","location":"CustomerSpawner.gd:_try_spawn_customer","message":"spawn success","runId":"run-1","sessionId":"6da914","timestamp":1783190310813.0}
{"data":{"activeCustomers":1,"customerSceneNull":false,"servedCount":0},"hypothesisId":"H5","location":"CustomerSpawner.gd:_try_spawn_customer","message":"try spawn start","runId":"run-1","sessionId":"6da914","timestamp":1783190317239.0}
{"data":{"configuredCabins":["Cabin6","Cabin8","Cabin9"],"resolvedCount":3},"hypothesisId":"H6","location":"CustomerSpawner.gd:_resolve_dining_cabins","message":"resolved dining cabins","runId":"run-1","sessionId":"6da914","timestamp":1783190317240.0}
{"data":{"activeAfterSpawn":2,"cabin":"Cabin9","isVip":false},"hypothesisId":"H5","location":"CustomerSpawner.gd:_try_spawn_customer","message":"spawn success","runId":"run-1","sessionId":"6da914","timestamp":1783190317245.0}
{"data":{"carriedCount":0,"deployedCount":0},"hypothesisId":"H7","location":"AnchorController.gd:_handle_right_click","message":"right click begin","runId":"run-1","sessionId":"6da914","timestamp":1783197357666.0}
{"data":{"carriedCount":0,"clickPos":{"x":293.750122070313,"y":-198.749969482422}},"hypothesisId":"H4","location":"AnchorController.gd:_try_interact","message":"interact start","runId":"run-1","sessionId":"6da914","timestamp":1783197357667.0}
{"data":{"carriedIsPlate":false,"carriedPlateFoodType":-999,"interactRadius":200.0},"hypothesisId":"H16","location":"AnchorController.gd:_try_interact","message":"no interact target","runId":"run-1","sessionId":"6da914","timestamp":1783197357667.0}
{"data":{"result":0},"hypothesisId":"H9","location":"AnchorController.gd:_handle_right_click","message":"interact attempt result","runId":"run-1","sessionId":"6da914","timestamp":1783197357669.0}
{"data":{},"hypothesisId":"H9","location":"AnchorController.gd:_handle_right_click","message":"end by cancel hooked cargo","runId":"run-1","sessionId":"6da914","timestamp":1783197357669.0}
{"data":{"carriedCount":1,"deployedCount":0},"hypothesisId":"H7","location":"AnchorController.gd:_handle_right_click","message":"right click begin","runId":"run-1","sessionId":"6da914","timestamp":1783197360743.0}
{"data":{"carriedCount":1,"clickPos":{"x":461.250122070313,"y":-256.249969482422}},"hypothesisId":"H4","location":"AnchorController.gd:_try_interact","message":"interact start","runId":"run-1","sessionId":"6da914","timestamp":1783197360744.0}
{"data":{"carriedIsPlate":false,"carriedPlateFoodType":-999,"interactRadius":200.0},"hypothesisId":"H16","location":"AnchorController.gd:_try_interact","message":"no interact target","runId":"run-1","sessionId":"6da914","timestamp":1783197360745.0}
{"data":{"result":0},"hypothesisId":"H9","location":"AnchorController.gd:_handle_right_click","message":"interact attempt result","runId":"run-1","sessionId":"6da914","timestamp":1783197360746.0}
{"data":{"carriedName":"@CharacterBody2D@12","carriedPlateFoodType":-999,"carriedWasPlate":false,"nearestFishDistToMouse":1051.24963378906,"nearestFishDistToPlayer":801.379577636719,"nearestFishHookable":true,"nearestFishStateFoodType":0,"pickupClickRadius":28.0,"pickupMaxDistance":100.0},"hypothesisId":"H15","location":"AnchorController.gd:_handle_right_click","message":"enter drop-carried branch","runId":"run-1","sessionId":"6da914","timestamp":1783197360747.0}
{"data":{"cargo":"@CharacterBody2D@12"},"hypothesisId":"H9","location":"AnchorController.gd:_handle_right_click","message":"end by drop carried","runId":"run-1","sessionId":"6da914","timestamp":1783197360749.0}
{"data":{"carriedCount":0,"deployedCount":0},"hypothesisId":"H7","location":"AnchorController.gd:_handle_right_click","message":"right click begin","runId":"run-1","sessionId":"6da914","timestamp":1783197362383.0}
{"data":{"carriedCount":0,"clickPos":{"x":63.7501220703125,"y":-254.999969482422}},"hypothesisId":"H4","location":"AnchorController.gd:_try_interact","message":"interact start","runId":"run-1","sessionId":"6da914","timestamp":1783197362384.0}
{"data":{"carriedIsPlate":false,"carriedPlateFoodType":-999,"interactRadius":200.0},"hypothesisId":"H16","location":"AnchorController.gd:_try_interact","message":"no interact target","runId":"run-1","sessionId":"6da914","timestamp":1783197362385.0}
{"data":{"result":0},"hypothesisId":"H9","location":"AnchorController.gd:_handle_right_click","message":"interact attempt result","runId":"run-1","sessionId":"6da914","timestamp":1783197362386.0}
{"data":{"carriedCount":0,"hooksCount":0},"hypothesisId":"H18","location":"AnchorController.gd:_handle_right_click","message":"pickup branch not taken","runId":"run-1","sessionId":"6da914","timestamp":1783197362386.0}
{"data":{"clickDistToPlayer":71.6145248413086,"deployMaxDistance":100.0,"dropMaxDistance":100.0,"interactRadius":200.0,"totalCapacity":1},"hypothesisId":"H13","location":"AnchorController.gd:_toggle_anchor_deploy","message":"deploy toggle requested","runId":"run-1","sessionId":"6da914","timestamp":1783197362387.0}
{"data":{},"hypothesisId":"H9","location":"AnchorController.gd:_handle_right_click","message":"end by deploy toggle (all attempts exhausted)","runId":"run-1","sessionId":"6da914","timestamp":1783197362389.0}
{"data":{"carriedCount":0,"deployedCount":1},"hypothesisId":"H7","location":"AnchorController.gd:_handle_right_click","message":"right click begin","runId":"run-1","sessionId":"6da914","timestamp":1783197368110.0}
{"data":{"carriedCount":0,"clickPos":{"x":55.0001220703125,"y":-178.749938964844}},"hypothesisId":"H4","location":"AnchorController.gd:_try_interact","message":"interact start","runId":"run-1","sessionId":"6da914","timestamp":1783197368111.0}
{"data":{"carriedIsPlate":false,"carriedPlateFoodType":-999,"interactRadius":200.0},"hypothesisId":"H16","location":"AnchorController.gd:_try_interact","message":"no interact target","runId":"run-1","sessionId":"6da914","timestamp":1783197368112.0}
{"data":{"result":0},"hypothesisId":"H9","location":"AnchorController.gd:_handle_right_click","message":"interact attempt result","runId":"run-1","sessionId":"6da914","timestamp":1783197368113.0}
{"data":{"carriedCount":0,"hooksCount":0},"hypothesisId":"H18","location":"AnchorController.gd:_handle_right_click","message":"pickup branch not taken","runId":"run-1","sessionId":"6da914","timestamp":1783197368113.0}
{"data":{"clickDistToPlayer":18.8278465270996,"deployMaxDistance":100.0,"dropMaxDistance":100.0,"interactRadius":200.0,"totalCapacity":1},"hypothesisId":"H13","location":"AnchorController.gd:_toggle_anchor_deploy","message":"deploy toggle requested","runId":"run-1","sessionId":"6da914","timestamp":1783197368115.0}
{"data":{},"hypothesisId":"H9","location":"AnchorController.gd:_handle_right_click","message":"end by deploy toggle (all attempts exhausted)","runId":"run-1","sessionId":"6da914","timestamp":1783197368116.0}
{"data":{"carriedCount":0,"deployedCount":1},"hypothesisId":"H7","location":"AnchorController.gd:_handle_right_click","message":"right click begin","runId":"run-1","sessionId":"6da914","timestamp":1783197369391.0}
{"data":{},"hypothesisId":"H7","location":"AnchorController.gd:_handle_right_click","message":"end by retrieve deployed anchor first","runId":"run-1","sessionId":"6da914","timestamp":1783197369394.0}
{"data":{"carriedCount":0,"deployedCount":0},"hypothesisId":"H7","location":"AnchorController.gd:_handle_right_click","message":"right click begin","runId":"run-1","sessionId":"6da914","timestamp":1783197375601.0}
{"data":{"carriedCount":0,"clickPos":{"x":262.500122070313,"y":-179.999938964844}},"hypothesisId":"H4","location":"AnchorController.gd:_try_interact","message":"interact start","runId":"run-1","sessionId":"6da914","timestamp":1783197375601.0}
{"data":{"anchorControllerNull":false,"itemNull":true,"itemValid":false,"node":"InteractRangeComponent","script":"res://scripts/components/DiningTableInteractable.gd"},"hypothesisId":"H10","location":"InteractableBase.gd:try_interact_ex","message":"enter try_interact_ex","runId":"run-2","sessionId":"6da914","timestamp":1783197375602.0}
{"data":{"target":"InteractRangeComponent"},"hypothesisId":"H4","location":"AnchorController.gd:_try_interact","message":"interact rejected","runId":"run-1","sessionId":"6da914","timestamp":1783197375603.0}
{"data":{"result":2},"hypothesisId":"H9","location":"AnchorController.gd:_handle_right_click","message":"interact attempt result","runId":"run-1","sessionId":"6da914","timestamp":1783197375603.0}
{"data":{},"hypothesisId":"H9","location":"AnchorController.gd:_handle_right_click","message":"end by cancel hooked cargo","runId":"run-1","sessionId":"6da914","timestamp":1783197375604.0}
{"data":{"carriedCount":0,"deployedCount":0},"hypothesisId":"H7","location":"AnchorController.gd:_handle_right_click","message":"right click begin","runId":"run-1","sessionId":"6da914","timestamp":1783197377463.0}
{"data":{"carriedCount":0,"clickPos":{"x":13.7501220703125,"y":-197.499969482422}},"hypothesisId":"H4","location":"AnchorController.gd:_try_interact","message":"interact start","runId":"run-1","sessionId":"6da914","timestamp":1783197377464.0}
{"data":{"carriedIsPlate":false,"carriedPlateFoodType":-999,"interactRadius":200.0},"hypothesisId":"H16","location":"AnchorController.gd:_try_interact","message":"no interact target","runId":"run-1","sessionId":"6da914","timestamp":1783197377464.0}
{"data":{"result":0},"hypothesisId":"H9","location":"AnchorController.gd:_handle_right_click","message":"interact attempt result","runId":"run-1","sessionId":"6da914","timestamp":1783197377465.0}
{"data":{},"hypothesisId":"H9","location":"AnchorController.gd:_handle_right_click","message":"end by cancel hooked cargo","runId":"run-1","sessionId":"6da914","timestamp":1783197377466.0}
{"data":{"carriedCount":0,"deployedCount":0},"hypothesisId":"H7","location":"AnchorController.gd:_handle_right_click","message":"right click begin","runId":"run-1","sessionId":"6da914","timestamp":1783197381865.0}
{"data":{"carriedCount":0,"clickPos":{"x":-558.749938964844,"y":81.2500610351563}},"hypothesisId":"H4","location":"AnchorController.gd:_try_interact","message":"interact start","runId":"run-1","sessionId":"6da914","timestamp":1783197381866.0}
{"data":{"anchorControllerNull":false,"itemNull":true,"itemValid":false,"node":"InteractRangeComponent","script":"res://scripts/components/DiningTableInteractable.gd"},"hypothesisId":"H10","location":"InteractableBase.gd:try_interact_ex","message":"enter try_interact_ex","runId":"run-2","sessionId":"6da914","timestamp":1783197381866.0}
{"data":{"target":"InteractRangeComponent"},"hypothesisId":"H4","location":"AnchorController.gd:_try_interact","message":"interact rejected","runId":"run-1","sessionId":"6da914","timestamp":1783197381867.0}
{"data":{"result":2},"hypothesisId":"H9","location":"AnchorController.gd:_handle_right_click","message":"interact attempt result","runId":"run-1","sessionId":"6da914","timestamp":1783197381868.0}
{"data":{"carriedCount":0,"hooksCount":0},"hypothesisId":"H18","location":"AnchorController.gd:_handle_right_click","message":"pickup branch not taken","runId":"run-1","sessionId":"6da914","timestamp":1783197381868.0}
{"data":{"clickDistToPlayer":64.8870315551758,"deployMaxDistance":100.0,"dropMaxDistance":100.0,"interactRadius":200.0,"totalCapacity":1},"hypothesisId":"H13","location":"AnchorController.gd:_toggle_anchor_deploy","message":"deploy toggle requested","runId":"run-1","sessionId":"6da914","timestamp":1783197381869.0}
{"data":{},"hypothesisId":"H9","location":"AnchorController.gd:_handle_right_click","message":"end by deploy toggle (all attempts exhausted)","runId":"run-1","sessionId":"6da914","timestamp":1783197381871.0}
{"data":{"carriedCount":0,"deployedCount":1},"hypothesisId":"H7","location":"AnchorController.gd:_handle_right_click","message":"right click begin","runId":"run-1","sessionId":"6da914","timestamp":1783197383054.0}
{"data":{},"hypothesisId":"H7","location":"AnchorController.gd:_handle_right_click","message":"end by retrieve deployed anchor first","runId":"run-1","sessionId":"6da914","timestamp":1783197383058.0}
{"data":{"carriedCount":0,"deployedCount":0},"hypothesisId":"H7","location":"AnchorController.gd:_handle_right_click","message":"right click begin","runId":"run-1","sessionId":"6da914","timestamp":1783197383835.0}
{"data":{"carriedCount":0,"clickPos":{"x":-602.499938964844,"y":120.000061035156}},"hypothesisId":"H4","location":"AnchorController.gd:_try_interact","message":"interact start","runId":"run-1","sessionId":"6da914","timestamp":1783197383836.0}
{"data":{"anchorControllerNull":false,"itemNull":true,"itemValid":false,"node":"InteractRangeComponent","script":"res://scripts/components/DiningTableInteractable.gd"},"hypothesisId":"H10","location":"InteractableBase.gd:try_interact_ex","message":"enter try_interact_ex","runId":"run-2","sessionId":"6da914","timestamp":1783197383837.0}
{"data":{"target":"InteractRangeComponent"},"hypothesisId":"H4","location":"AnchorController.gd:_try_interact","message":"interact rejected","runId":"run-1","sessionId":"6da914","timestamp":1783197383838.0}
{"data":{"result":2},"hypothesisId":"H9","location":"AnchorController.gd:_handle_right_click","message":"interact attempt result","runId":"run-1","sessionId":"6da914","timestamp":1783197383838.0}
{"data":{},"hypothesisId":"H9","location":"AnchorController.gd:_handle_right_click","message":"end by pickup nearby cargo","runId":"run-1","sessionId":"6da914","timestamp":1783197383840.0}
{"data":{"carriedCount":1,"deployedCount":0},"hypothesisId":"H7","location":"AnchorController.gd:_handle_right_click","message":"right click begin","runId":"run-1","sessionId":"6da914","timestamp":1783197384720.0}
{"data":{"carriedCount":1,"clickPos":{"x":-473.749938964844,"y":-94.9999389648438}},"hypothesisId":"H4","location":"AnchorController.gd:_try_interact","message":"interact start","runId":"run-1","sessionId":"6da914","timestamp":1783197384721.0}
{"data":{"carriedIsPlate":false,"carriedPlateFoodType":-999,"interactRadius":200.0},"hypothesisId":"H16","location":"AnchorController.gd:_try_interact","message":"no interact target","runId":"run-1","sessionId":"6da914","timestamp":1783197384722.0}
{"data":{"result":0},"hypothesisId":"H9","location":"AnchorController.gd:_handle_right_click","message":"interact attempt result","runId":"run-1","sessionId":"6da914","timestamp":1783197384723.0}
{"data":{"carriedName":"DiningTableInteractable","carriedPlateFoodType":-999,"carriedWasPlate":false,"nearestFishDistToMouse":668.167602539063,"nearestFishDistToPlayer":495.919006347656,"nearestFishHookable":true,"nearestFishStateFoodType":0,"pickupClickRadius":28.0,"pickupMaxDistance":100.0},"hypothesisId":"H15","location":"AnchorController.gd:_handle_right_click","message":"enter drop-carried branch","runId":"run-1","sessionId":"6da914","timestamp":1783197384723.0}
{"data":{"cargo":"@CharacterBody2D@26"},"hypothesisId":"H9","location":"AnchorController.gd:_handle_right_click","message":"end by drop carried","runId":"run-1","sessionId":"6da914","timestamp":1783197384725.0}
{"data":{"carriedCount":0,"deployedCount":0},"hypothesisId":"H7","location":"AnchorController.gd:_handle_right_click","message":"right click begin","runId":"run-1","sessionId":"6da914","timestamp":1783197385110.0}
{"data":{"carriedCount":0,"clickPos":{"x":-452.499938964844,"y":108.750061035156}},"hypothesisId":"H4","location":"AnchorController.gd:_try_interact","message":"interact start","runId":"run-1","sessionId":"6da914","timestamp":1783197385111.0}
{"data":{"carriedIsPlate":false,"carriedPlateFoodType":-999,"interactRadius":200.0},"hypothesisId":"H16","location":"AnchorController.gd:_try_interact","message":"no interact target","runId":"run-1","sessionId":"6da914","timestamp":1783197385112.0}
{"data":{"result":0},"hypothesisId":"H9","location":"AnchorController.gd:_handle_right_click","message":"interact attempt result","runId":"run-1","sessionId":"6da914","timestamp":1783197385113.0}
{"data":{"carriedCount":0,"hooksCount":0},"hypothesisId":"H18","location":"AnchorController.gd:_handle_right_click","message":"pickup branch not taken","runId":"run-1","sessionId":"6da914","timestamp":1783197385113.0}
{"data":{"clickDistToPlayer":48.2054786682129,"deployMaxDistance":100.0,"dropMaxDistance":100.0,"interactRadius":200.0,"totalCapacity":1},"hypothesisId":"H13","location":"AnchorController.gd:_toggle_anchor_deploy","message":"deploy toggle requested","runId":"run-1","sessionId":"6da914","timestamp":1783197385115.0}
{"data":{},"hypothesisId":"H9","location":"AnchorController.gd:_handle_right_click","message":"end by deploy toggle (all attempts exhausted)","runId":"run-1","sessionId":"6da914","timestamp":1783197385116.0}
{"data":{"carriedCount":0,"deployedCount":1},"hypothesisId":"H7","location":"AnchorController.gd:_handle_right_click","message":"right click begin","runId":"run-1","sessionId":"6da914","timestamp":1783197387326.0}
{"data":{},"hypothesisId":"H7","location":"AnchorController.gd:_handle_right_click","message":"end by retrieve deployed anchor first","runId":"run-1","sessionId":"6da914","timestamp":1783197387329.0}
{"data":{"carriedCount":0,"deployedCount":0},"hypothesisId":"H7","location":"AnchorController.gd:_handle_right_click","message":"right click begin","runId":"run-1","sessionId":"6da914","timestamp":1783197389501.0}
{"data":{"carriedCount":0,"clickPos":{"x":-428.749938964844,"y":101.250061035156}},"hypothesisId":"H4","location":"AnchorController.gd:_try_interact","message":"interact start","runId":"run-1","sessionId":"6da914","timestamp":1783197389503.0}
{"data":{"anchorControllerNull":false,"itemNull":true,"itemValid":false,"node":"InteractRangeComponent","script":"res://scripts/components/DiningTableInteractable.gd"},"hypothesisId":"H10","location":"InteractableBase.gd:try_interact_ex","message":"enter try_interact_ex","runId":"run-2","sessionId":"6da914","timestamp":1783197389503.0}
{"data":{"target":"InteractRangeComponent"},"hypothesisId":"H4","location":"AnchorController.gd:_try_interact","message":"interact rejected","runId":"run-1","sessionId":"6da914","timestamp":1783197389505.0}
{"data":{"result":2},"hypothesisId":"H9","location":"AnchorController.gd:_handle_right_click","message":"interact attempt result","runId":"run-1","sessionId":"6da914","timestamp":1783197389505.0}
{"data":{},"hypothesisId":"H9","location":"AnchorController.gd:_handle_right_click","message":"end by pickup nearby cargo","runId":"run-1","sessionId":"6da914","timestamp":1783197389507.0}
{"data":{"carriedCount":1,"deployedCount":0},"hypothesisId":"H7","location":"AnchorController.gd:_handle_right_click","message":"right click begin","runId":"run-1","sessionId":"6da914","timestamp":1783197390123.0}
{"data":{"carriedCount":1,"clickPos":{"x":-539.999938964844,"y":25.0000610351563}},"hypothesisId":"H4","location":"AnchorController.gd:_try_interact","message":"interact start","runId":"run-1","sessionId":"6da914","timestamp":1783197390124.0}
{"data":{"carriedIsPlate":false,"carriedPlateFoodType":-999,"interactRadius":200.0},"hypothesisId":"H16","location":"AnchorController.gd:_try_interact","message":"no interact target","runId":"run-1","sessionId":"6da914","timestamp":1783197390124.0}
{"data":{"result":0},"hypothesisId":"H9","location":"AnchorController.gd:_handle_right_click","message":"interact attempt result","runId":"run-1","sessionId":"6da914","timestamp":1783197390124.0}
{"data":{"carriedName":"@CharacterBody2D@26","carriedPlateFoodType":-999,"carriedWasPlate":false,"nearestFishDistToMouse":575.312194824219,"nearestFishDistToPlayer":411.690063476563,"nearestFishHookable":true,"nearestFishStateFoodType":0,"pickupClickRadius":28.0,"pickupMaxDistance":100.0},"hypothesisId":"H15","location":"AnchorController.gd:_handle_right_click","message":"enter drop-carried branch","runId":"run-1","sessionId":"6da914","timestamp":1783197390126.0}
{"data":{"cargo":"@CharacterBody2D@26"},"hypothesisId":"H9","location":"AnchorController.gd:_handle_right_click","message":"end by drop carried","runId":"run-1","sessionId":"6da914","timestamp":1783197390128.0}
{"data":{"carriedCount":0,"deployedCount":0},"hypothesisId":"H7","location":"AnchorController.gd:_handle_right_click","message":"right click begin","runId":"run-1","sessionId":"6da914","timestamp":1783197395180.0}
{"data":{"carriedCount":0,"clickPos":{"x":392.500122070313,"y":371.250122070313}},"hypothesisId":"H4","location":"AnchorController.gd:_try_interact","message":"interact start","runId":"run-1","sessionId":"6da914","timestamp":1783197395181.0}
{"data":{"anchorControllerNull":false,"itemNull":true,"itemValid":false,"node":"FruitTreeInteractable3","script":"res://scripts/components/FruitTreeInteractable.gd"},"hypothesisId":"H10","location":"InteractableBase.gd:try_interact_ex","message":"enter try_interact_ex","runId":"run-2","sessionId":"6da914","timestamp":1783197395182.0}
{"data":{"cooldownRemaining":0.0,"hasAnchorController":true,"hasCarriedItem":false,"hasTryAddMethod":true},"hypothesisId":"H1","location":"FruitTreeInteractable.gd:_can_interact_now","message":"enter can_interact","runId":"run-2","sessionId":"6da914","timestamp":1783197395182.0}
{"data":{"itemIsNull":true,"itemName":""},"hypothesisId":"H2","location":"FruitTreeInteractable.gd:_is_item_valid","message":"item valid check","runId":"run-2","sessionId":"6da914","timestamp":1783197395183.0}
{"data":{"itemNull":true,"itemValid":false,"node":"FruitTreeInteractable3","script":"res://scripts/components/FruitTreeInteractable.gd"},"hypothesisId":"H10","location":"InteractableBase.gd:try_interact_ex","message":"before _on_item_valid","runId":"run-2","sessionId":"6da914","timestamp":1783197395183.0}
{"data":{"nodeFruitTypeBeforeAdd":6,"treeFruitType":6},"hypothesisId":"H1","location":"FruitTreeInteractable.gd:_on_item_valid","message":"fruit before add_child","runId":"run-2","sessionId":"6da914","timestamp":1783197395184.0}
{"data":{"nodeFruitTypeAfterSet":6,"treeFruitType":6},"hypothesisId":"H1","location":"FruitTreeInteractable.gd:_on_item_valid","message":"fruit after set","runId":"run-2","sessionId":"6da914","timestamp":1783197395186.0}
{"data":{"added":true,"cooldownBeforeSet":0.0},"hypothesisId":"H3","location":"FruitTreeInteractable.gd:_on_item_valid","message":"try_add_carried_cargo result","runId":"run-2","sessionId":"6da914","timestamp":1783197395186.0}
{"data":{"consumeCarried":false,"target":"FruitTreeInteractable3"},"hypothesisId":"H4","location":"AnchorController.gd:_try_interact","message":"interact accepted","runId":"run-1","sessionId":"6da914","timestamp":1783197395187.0}
{"data":{"result":1},"hypothesisId":"H9","location":"AnchorController.gd:_handle_right_click","message":"interact attempt result","runId":"run-1","sessionId":"6da914","timestamp":1783197395188.0}
{"data":{"carriedCount":1,"deployedCount":0},"hypothesisId":"H7","location":"AnchorController.gd:_handle_right_click","message":"right click begin","runId":"run-1","sessionId":"6da914","timestamp":1783197395756.0}
{"data":{"carriedCount":1,"clickPos":{"x":391.250122070313,"y":141.250061035156}},"hypothesisId":"H4","location":"AnchorController.gd:_try_interact","message":"interact start","runId":"run-1","sessionId":"6da914","timestamp":1783197395757.0}
{"data":{"carriedIsPlate":false,"carriedPlateFoodType":-999,"interactRadius":200.0},"hypothesisId":"H16","location":"AnchorController.gd:_try_interact","message":"no interact target","runId":"run-1","sessionId":"6da914","timestamp":1783197395758.0}
{"data":{"result":0},"hypothesisId":"H9","location":"AnchorController.gd:_handle_right_click","message":"interact attempt result","runId":"run-1","sessionId":"6da914","timestamp":1783197395758.0}
{"data":{"carriedName":"FruitCargo","carriedPlateFoodType":-999,"carriedWasPlate":false,"nearestFishDistToMouse":465.158935546875,"nearestFishDistToPlayer":235.558532714844,"nearestFishHookable":true,"nearestFishStateFoodType":0,"pickupClickRadius":28.0,"pickupMaxDistance":100.0},"hypothesisId":"H15","location":"AnchorController.gd:_handle_right_click","message":"enter drop-carried branch","runId":"run-1","sessionId":"6da914","timestamp":1783197395759.0}
{"data":{"cargo":"FruitCargo"},"hypothesisId":"H9","location":"AnchorController.gd:_handle_right_click","message":"end by drop carried","runId":"run-1","sessionId":"6da914","timestamp":1783197395761.0}
{"data":{"carriedCount":0,"deployedCount":0},"hypothesisId":"H7","location":"AnchorController.gd:_handle_right_click","message":"right click begin","runId":"run-1","sessionId":"6da914","timestamp":1783197396883.0}
{"data":{"carriedCount":0,"clickPos":{"x":226.250122070313,"y":367.500122070313}},"hypothesisId":"H4","location":"AnchorController.gd:_try_interact","message":"interact start","runId":"run-1","sessionId":"6da914","timestamp":1783197396884.0}
{"data":{"anchorControllerNull":false,"itemNull":true,"itemValid":false,"node":"FruitTreeInteractable","script":"res://scripts/components/FruitTreeInteractable.gd"},"hypothesisId":"H10","location":"InteractableBase.gd:try_interact_ex","message":"enter try_interact_ex","runId":"run-2","sessionId":"6da914","timestamp":1783197396884.0}
{"data":{"cooldownRemaining":0.0,"hasAnchorController":true,"hasCarriedItem":false,"hasTryAddMethod":true},"hypothesisId":"H1","location":"FruitTreeInteractable.gd:_can_interact_now","message":"enter can_interact","runId":"run-2","sessionId":"6da914","timestamp":1783197396886.0}
{"data":{"itemIsNull":true,"itemName":""},"hypothesisId":"H2","location":"FruitTreeInteractable.gd:_is_item_valid","message":"item valid check","runId":"run-2","sessionId":"6da914","timestamp":1783197396886.0}
{"data":{"itemNull":true,"itemValid":false,"node":"FruitTreeInteractable","script":"res://scripts/components/FruitTreeInteractable.gd"},"hypothesisId":"H10","location":"InteractableBase.gd:try_interact_ex","message":"before _on_item_valid","runId":"run-2","sessionId":"6da914","timestamp":1783197396887.0}
{"data":{"nodeFruitTypeBeforeAdd":4,"treeFruitType":4},"hypothesisId":"H1","location":"FruitTreeInteractable.gd:_on_item_valid","message":"fruit before add_child","runId":"run-2","sessionId":"6da914","timestamp":1783197396888.0}
{"data":{"nodeFruitTypeAfterSet":4,"treeFruitType":4},"hypothesisId":"H1","location":"FruitTreeInteractable.gd:_on_item_valid","message":"fruit after set","runId":"run-2","sessionId":"6da914","timestamp":1783197396890.0}
{"data":{"added":true,"cooldownBeforeSet":0.0},"hypothesisId":"H3","location":"FruitTreeInteractable.gd:_on_item_valid","message":"try_add_carried_cargo result","runId":"run-2","sessionId":"6da914","timestamp":1783197396891.0}
{"data":{"consumeCarried":false,"target":"FruitTreeInteractable"},"hypothesisId":"H4","location":"AnchorController.gd:_try_interact","message":"interact accepted","runId":"run-1","sessionId":"6da914","timestamp":1783197396892.0}
{"data":{"result":1},"hypothesisId":"H9","location":"AnchorController.gd:_handle_right_click","message":"interact attempt result","runId":"run-1","sessionId":"6da914","timestamp":1783197396892.0}
{"data":{"carriedCount":1,"deployedCount":0},"hypothesisId":"H7","location":"AnchorController.gd:_handle_right_click","message":"right click begin","runId":"run-1","sessionId":"6da914","timestamp":1783197397768.0}
{"data":{"carriedCount":1,"clickPos":{"x":165.000122070313,"y":101.250061035156}},"hypothesisId":"H4","location":"AnchorController.gd:_try_interact","message":"interact start","runId":"run-1","sessionId":"6da914","timestamp":1783197397768.0}
{"data":{"carriedIsPlate":false,"carriedPlateFoodType":-999,"interactRadius":200.0},"hypothesisId":"H16","location":"AnchorController.gd:_try_interact","message":"no interact target","runId":"run-1","sessionId":"6da914","timestamp":1783197397769.0}
{"data":{"result":0},"hypothesisId":"H9","location":"AnchorController.gd:_handle_right_click","message":"interact attempt result","runId":"run-1","sessionId":"6da914","timestamp":1783197397770.0}
{"data":{"carriedName":"FruitCargo","carriedPlateFoodType":-999,"carriedWasPlate":false,"nearestFishDistToMouse":461.924346923828,"nearestFishDistToPlayer":172.527221679688,"nearestFishHookable":true,"nearestFishStateFoodType":0,"pickupClickRadius":28.0,"pickupMaxDistance":100.0},"hypothesisId":"H15","location":"AnchorController.gd:_handle_right_click","message":"enter drop-carried branch","runId":"run-1","sessionId":"6da914","timestamp":1783197397771.0}
{"data":{"cargo":"@CharacterBody2D@29"},"hypothesisId":"H9","location":"AnchorController.gd:_handle_right_click","message":"end by drop carried","runId":"run-1","sessionId":"6da914","timestamp":1783197397773.0}
{"data":{"carriedCount":0,"deployedCount":0},"hypothesisId":"H7","location":"AnchorController.gd:_handle_right_click","message":"right click begin","runId":"run-1","sessionId":"6da914","timestamp":1783197400150.0}
{"data":{"carriedCount":0,"clickPos":{"x":147.500122070313,"y":438.750122070313}},"hypothesisId":"H4","location":"AnchorController.gd:_try_interact","message":"interact start","runId":"run-1","sessionId":"6da914","timestamp":1783197400151.0}
{"data":{"carriedIsPlate":false,"carriedPlateFoodType":-999,"interactRadius":200.0},"hypothesisId":"H16","location":"AnchorController.gd:_try_interact","message":"no interact target","runId":"run-1","sessionId":"6da914","timestamp":1783197400152.0}
{"data":{"result":0},"hypothesisId":"H9","location":"AnchorController.gd:_handle_right_click","message":"interact attempt result","runId":"run-1","sessionId":"6da914","timestamp":1783197400152.0}
{"data":{},"hypothesisId":"H9","location":"AnchorController.gd:_handle_right_click","message":"end by pickup nearby cargo","runId":"run-1","sessionId":"6da914","timestamp":1783197400154.0}
{"data":{"carriedCount":1,"deployedCount":0},"hypothesisId":"H7","location":"AnchorController.gd:_handle_right_click","message":"right click begin","runId":"run-1","sessionId":"6da914","timestamp":1783197402436.0}
{"data":{"carriedCount":1,"clickPos":{"x":-519.999938964844,"y":393.750122070313}},"hypothesisId":"H4","location":"AnchorController.gd:_try_interact","message":"interact start","runId":"run-1","sessionId":"6da914","timestamp":1783197402437.0}
{"data":{"anchorControllerNull":false,"itemNull":false,"itemValid":true,"node":"InteractRangeComponent","script":"res://scripts/components/IncineratorInteractable.gd"},"hypothesisId":"H10","location":"InteractableBase.gd:try_interact_ex","message":"enter try_interact_ex","runId":"run-2","sessionId":"6da914","timestamp":1783197402438.0}
{"data":{"itemNull":false,"itemValid":true,"node":"InteractRangeComponent","script":"res://scripts/components/IncineratorInteractable.gd"},"hypothesisId":"H10","location":"InteractableBase.gd:try_interact_ex","message":"before _on_item_valid","runId":"run-2","sessionId":"6da914","timestamp":1783197402438.0}
{"data":{"consumeCarried":true,"target":"InteractRangeComponent"},"hypothesisId":"H4","location":"AnchorController.gd:_try_interact","message":"interact accepted","runId":"run-1","sessionId":"6da914","timestamp":1783197402441.0}
{"data":{"result":1},"hypothesisId":"H9","location":"AnchorController.gd:_handle_right_click","message":"interact attempt result","runId":"run-1","sessionId":"6da914","timestamp":1783197402441.0}
{"data":{"carriedCount":1,"deployedCount":0},"hypothesisId":"H7","location":"AnchorController.gd:_handle_right_click","message":"right click begin","runId":"run-1","sessionId":"6da914","timestamp":1783197407325.0}
{"data":{"carriedCount":1,"clickPos":{"x":-18.7498779296875,"y":301.250122070313}},"hypothesisId":"H4","location":"AnchorController.gd:_try_interact","message":"interact start","runId":"run-1","sessionId":"6da914","timestamp":1783197407327.0}
{"data":{"anchorControllerNull":false,"itemNull":false,"itemValid":true,"node":"InteractRangeComponent","script":"res://scripts/components/FishTankInteractable.gd"},"hypothesisId":"H10","location":"InteractableBase.gd:try_interact_ex","message":"enter try_interact_ex","runId":"run-2","sessionId":"6da914","timestamp":1783197407327.0}
{"data":{"itemNull":false,"itemValid":true,"node":"InteractRangeComponent","script":"res://scripts/components/FishTankInteractable.gd"},"hypothesisId":"H10","location":"InteractableBase.gd:try_interact_ex","message":"before _on_item_valid","runId":"run-2","sessionId":"6da914","timestamp":1783197407328.0}
{"data":{"consumeCarried":true,"target":"InteractRangeComponent"},"hypothesisId":"H4","location":"AnchorController.gd:_try_interact","message":"interact accepted","runId":"run-1","sessionId":"6da914","timestamp":1783197407330.0}
{"data":{"result":1},"hypothesisId":"H9","location":"AnchorController.gd:_handle_right_click","message":"interact attempt result","runId":"run-1","sessionId":"6da914","timestamp":1783197407331.0}
{"data":{"carriedCount":1,"deployedCount":0},"hypothesisId":"H7","location":"AnchorController.gd:_handle_right_click","message":"right click begin","runId":"run-1","sessionId":"6da914","timestamp":1783197410337.0}
{"data":{"carriedCount":1,"clickPos":{"x":40.0001220703125,"y":288.750122070313}},"hypothesisId":"H4","location":"AnchorController.gd:_try_interact","message":"interact start","runId":"run-1","sessionId":"6da914","timestamp":1783197410338.0}
{"data":{"anchorControllerNull":false,"itemNull":false,"itemValid":true,"node":"InteractRangeComponent","script":"res://scripts/components/FishTankInteractable.gd"},"hypothesisId":"H10","location":"InteractableBase.gd:try_interact_ex","message":"enter try_interact_ex","runId":"run-2","sessionId":"6da914","timestamp":1783197410338.0}
{"data":{"itemNull":false,"itemValid":true,"node":"InteractRangeComponent","script":"res://scripts/components/FishTankInteractable.gd"},"hypothesisId":"H10","location":"InteractableBase.gd:try_interact_ex","message":"before _on_item_valid","runId":"run-2","sessionId":"6da914","timestamp":1783197410339.0}
{"data":{"consumeCarried":true,"target":"InteractRangeComponent"},"hypothesisId":"H4","location":"AnchorController.gd:_try_interact","message":"interact accepted","runId":"run-1","sessionId":"6da914","timestamp":1783197410340.0}
{"data":{"result":1},"hypothesisId":"H9","location":"AnchorController.gd:_handle_right_click","message":"interact attempt result","runId":"run-1","sessionId":"6da914","timestamp":1783197410341.0}
{"data":{"carriedCount":0,"deployedCount":0},"hypothesisId":"H7","location":"AnchorController.gd:_handle_right_click","message":"right click begin","runId":"run-1","sessionId":"6da914","timestamp":1783197421797.0}
{"data":{"carriedCount":0,"clickPos":{"x":471.250122070313,"y":-304.999969482422}},"hypothesisId":"H4","location":"AnchorController.gd:_try_interact","message":"interact start","runId":"run-1","sessionId":"6da914","timestamp":1783197421797.0}
{"data":{"carriedIsPlate":false,"carriedPlateFoodType":-999,"interactRadius":200.0},"hypothesisId":"H16","location":"AnchorController.gd:_try_interact","message":"no interact target","runId":"run-1","sessionId":"6da914","timestamp":1783197421798.0}
{"data":{"result":0},"hypothesisId":"H9","location":"AnchorController.gd:_handle_right_click","message":"interact attempt result","runId":"run-1","sessionId":"6da914","timestamp":1783197421798.0}
{"data":{"carriedCount":0,"hooksCount":0},"hypothesisId":"H18","location":"AnchorController.gd:_handle_right_click","message":"pickup branch not taken","runId":"run-1","sessionId":"6da914","timestamp":1783197421799.0}
{"data":{"clickDistToPlayer":154.496383666992,"deployMaxDistance":100.0,"dropMaxDistance":100.0,"interactRadius":200.0,"totalCapacity":1},"hypothesisId":"H13","location":"AnchorController.gd:_toggle_anchor_deploy","message":"deploy toggle requested","runId":"run-1","sessionId":"6da914","timestamp":1783197421801.0}
{"data":{"clickDistToPlayer":154.496383666992,"deployMaxDistance":100.0},"hypothesisId":"H13","location":"AnchorController.gd:_toggle_anchor_deploy","message":"deploy blocked by distance","runId":"run-1","sessionId":"6da914","timestamp":1783197421801.0}
{"data":{},"hypothesisId":"H9","location":"AnchorController.gd:_handle_right_click","message":"end by deploy toggle (all attempts exhausted)","runId":"run-1","sessionId":"6da914","timestamp":1783197421802.0}
{"data":{"carriedCount":0,"deployedCount":0},"hypothesisId":"H7","location":"AnchorController.gd:_handle_right_click","message":"right click begin","runId":"run-1","sessionId":"6da914","timestamp":1783197458797.0}
{"data":{"carriedCount":0,"clickPos":{"x":217.500122070313,"y":-177.499938964844}},"hypothesisId":"H4","location":"AnchorController.gd:_try_interact","message":"interact start","runId":"run-1","sessionId":"6da914","timestamp":1783197458798.0}
{"data":{"anchorControllerNull":false,"itemNull":true,"itemValid":false,"node":"InteractRangeComponent","script":"res://scripts/components/DiningTableInteractable.gd"},"hypothesisId":"H10","location":"InteractableBase.gd:try_interact_ex","message":"enter try_interact_ex","runId":"run-2","sessionId":"6da914","timestamp":1783197458799.0}
{"data":{"target":"InteractRangeComponent"},"hypothesisId":"H4","location":"AnchorController.gd:_try_interact","message":"interact rejected","runId":"run-1","sessionId":"6da914","timestamp":1783197458799.0}
{"data":{"result":2},"hypothesisId":"H9","location":"AnchorController.gd:_handle_right_click","message":"interact attempt result","runId":"run-1","sessionId":"6da914","timestamp":1783197458800.0}
{"data":{},"hypothesisId":"H9","location":"AnchorController.gd:_handle_right_click","message":"end by pickup nearby cargo","runId":"run-1","sessionId":"6da914","timestamp":1783197458801.0}
{"data":{"carriedCount":1,"deployedCount":0},"hypothesisId":"H7","location":"AnchorController.gd:_handle_right_click","message":"right click begin","runId":"run-1","sessionId":"6da914","timestamp":1783197459265.0}
{"data":{"carriedCount":1,"clickPos":{"x":221.250122070313,"y":-202.499969482422}},"hypothesisId":"H4","location":"AnchorController.gd:_try_interact","message":"interact start","runId":"run-1","sessionId":"6da914","timestamp":1783197459265.0}
{"data":{"anchorControllerNull":false,"itemNull":false,"itemValid":true,"node":"InteractRangeComponent","script":"res://scripts/components/DiningTableInteractable.gd"},"hypothesisId":"H10","location":"InteractableBase.gd:try_interact_ex","message":"enter try_interact_ex","runId":"run-2","sessionId":"6da914","timestamp":1783197459266.0}
{"data":{"target":"InteractRangeComponent"},"hypothesisId":"H4","location":"AnchorController.gd:_try_interact","message":"interact rejected","runId":"run-1","sessionId":"6da914","timestamp":1783197459267.0}
{"data":{"result":2},"hypothesisId":"H9","location":"AnchorController.gd:_handle_right_click","message":"interact attempt result","runId":"run-1","sessionId":"6da914","timestamp":1783197459267.0}
{"data":{"carriedName":"@CharacterBody2D@12","carriedPlateFoodType":-999,"carriedWasPlate":false,"nearestFishDistToMouse":498.982177734375,"nearestFishDistToPlayer":478.227874755859,"nearestFishHookable":false,"nearestFishStateFoodType":0,"pickupClickRadius":28.0,"pickupMaxDistance":100.0},"hypothesisId":"H15","location":"AnchorController.gd:_handle_right_click","message":"enter drop-carried branch","runId":"run-1","sessionId":"6da914","timestamp":1783197459268.0}
{"data":{"cargo":"@CharacterBody2D@12"},"hypothesisId":"H9","location":"AnchorController.gd:_handle_right_click","message":"end by drop carried","runId":"run-1","sessionId":"6da914","timestamp":1783197459270.0}
{"data":{"carriedCount":0,"deployedCount":0},"hypothesisId":"H7","location":"AnchorController.gd:_handle_right_click","message":"right click begin","runId":"run-1","sessionId":"6da914","timestamp":1783197460052.0}
{"data":{"carriedCount":0,"clickPos":{"x":-107.499877929688,"y":-201.249969482422}},"hypothesisId":"H4","location":"AnchorController.gd:_try_interact","message":"interact start","runId":"run-1","sessionId":"6da914","timestamp":1783197460053.0}
{"data":{"anchorControllerNull":false,"itemNull":true,"itemValid":false,"node":"InteractRangeComponent","script":"res://scripts/components/DiningTableInteractable.gd"},"hypothesisId":"H10","location":"InteractableBase.gd:try_interact_ex","message":"enter try_interact_ex","runId":"run-2","sessionId":"6da914","timestamp":1783197460054.0}
{"data":{"target":"InteractRangeComponent"},"hypothesisId":"H4","location":"AnchorController.gd:_try_interact","message":"interact rejected","runId":"run-1","sessionId":"6da914","timestamp":1783197460054.0}
{"data":{"result":2},"hypothesisId":"H9","location":"AnchorController.gd:_handle_right_click","message":"interact attempt result","runId":"run-1","sessionId":"6da914","timestamp":1783197460055.0}
{"data":{},"hypothesisId":"H9","location":"AnchorController.gd:_handle_right_click","message":"end by pickup nearby cargo","runId":"run-1","sessionId":"6da914","timestamp":1783197460056.0}
{"data":{"carriedCount":1,"deployedCount":0},"hypothesisId":"H7","location":"AnchorController.gd:_handle_right_click","message":"right click begin","runId":"run-1","sessionId":"6da914","timestamp":1783197460452.0}
{"data":{"carriedCount":1,"clickPos":{"x":-19.9998779296875,"y":-379.999969482422}},"hypothesisId":"H4","location":"AnchorController.gd:_try_interact","message":"interact start","runId":"run-1","sessionId":"6da914","timestamp":1783197460453.0}
{"data":{"carriedIsPlate":false,"carriedPlateFoodType":-999,"interactRadius":200.0},"hypothesisId":"H16","location":"AnchorController.gd:_try_interact","message":"no interact target","runId":"run-1","sessionId":"6da914","timestamp":1783197460454.0}
{"data":{"result":0},"hypothesisId":"H9","location":"AnchorController.gd:_handle_right_click","message":"interact attempt result","runId":"run-1","sessionId":"6da914","timestamp":1783197460454.0}
{"data":{"carriedName":"DiningTableInteractable","carriedPlateFoodType":-999,"carriedWasPlate":false,"nearestFishDistToMouse":631.694152832031,"nearestFishDistToPlayer":447.813720703125,"nearestFishHookable":false,"nearestFishStateFoodType":0,"pickupClickRadius":28.0,"pickupMaxDistance":100.0},"hypothesisId":"H15","location":"AnchorController.gd:_handle_right_click","message":"enter drop-carried branch","runId":"run-1","sessionId":"6da914","timestamp":1783197460455.0}
{"data":{"cargo":"DiningTableInteractable"},"hypothesisId":"H9","location":"AnchorController.gd:_handle_right_click","message":"end by drop carried","runId":"run-1","sessionId":"6da914","timestamp":1783197460458.0}
{"data":{"carriedCount":0,"deployedCount":0},"hypothesisId":"H7","location":"AnchorController.gd:_handle_right_click","message":"right click begin","runId":"run-1","sessionId":"6da914","timestamp":1783197461869.0}
{"data":{"carriedCount":0,"clickPos":{"x":-478.749938964844,"y":-236.249969482422}},"hypothesisId":"H4","location":"AnchorController.gd:_try_interact","message":"interact start","runId":"run-1","sessionId":"6da914","timestamp":1783197461870.0}
{"data":{"anchorControllerNull":false,"itemNull":true,"itemValid":false,"node":"InteractRangeComponent","script":"res://scripts/components/PlateDispenserInteractable.gd"},"hypothesisId":"H10","location":"InteractableBase.gd:try_interact_ex","message":"enter try_interact_ex","runId":"run-2","sessionId":"6da914","timestamp":1783197461871.0}
{"data":{"itemNull":true,"itemValid":false,"node":"InteractRangeComponent","script":"res://scripts/components/PlateDispenserInteractable.gd"},"hypothesisId":"H10","location":"InteractableBase.gd:try_interact_ex","message":"before _on_item_valid","runId":"run-2","sessionId":"6da914","timestamp":1783197461872.0}
{"data":{"consumeCarried":false,"target":"InteractRangeComponent"},"hypothesisId":"H4","location":"AnchorController.gd:_try_interact","message":"interact accepted","runId":"run-1","sessionId":"6da914","timestamp":1783197461873.0}
{"data":{"result":1},"hypothesisId":"H9","location":"AnchorController.gd:_handle_right_click","message":"interact attempt result","runId":"run-1","sessionId":"6da914","timestamp":1783197461874.0}
{"data":{"carriedCount":1,"deployedCount":0},"hypothesisId":"H7","location":"AnchorController.gd:_handle_right_click","message":"right click begin","runId":"run-1","sessionId":"6da914","timestamp":1783197465062.0}
{"data":{"carriedCount":1,"clickPos":{"x":-431.249938964844,"y":111.250061035156}},"hypothesisId":"H4","location":"AnchorController.gd:_try_interact","message":"interact start","runId":"run-1","sessionId":"6da914","timestamp":1783197465062.0}
{"data":{"anchorControllerNull":false,"itemNull":false,"itemValid":true,"node":"InteractRangeComponent","script":"res://scripts/components/DiningTableInteractable.gd"},"hypothesisId":"H10","location":"InteractableBase.gd:try_interact_ex","message":"enter try_interact_ex","runId":"run-2","sessionId":"6da914","timestamp":1783197465063.0}
{"data":{"target":"InteractRangeComponent"},"hypothesisId":"H4","location":"AnchorController.gd:_try_interact","message":"interact rejected","runId":"run-1","sessionId":"6da914","timestamp":1783197465064.0}
{"data":{"result":2},"hypothesisId":"H9","location":"AnchorController.gd:_handle_right_click","message":"interact attempt result","runId":"run-1","sessionId":"6da914","timestamp":1783197465064.0}
{"data":{"carriedName":"PlateCargo","carriedPlateFoodType":-1,"carriedWasPlate":true,"nearestFishDistToMouse":444.368988037109,"nearestFishDistToPlayer":519.189025878906,"nearestFishHookable":false,"nearestFishStateFoodType":0,"pickupClickRadius":28.0,"pickupMaxDistance":100.0},"hypothesisId":"H15","location":"AnchorController.gd:_handle_right_click","message":"enter drop-carried branch","runId":"run-1","sessionId":"6da914","timestamp":1783197465065.0}
{"data":{"cargo":"PlateCargo"},"hypothesisId":"H9","location":"AnchorController.gd:_handle_right_click","message":"end by drop carried","runId":"run-1","sessionId":"6da914","timestamp":1783197465068.0}
{"data":{"carriedCount":0,"deployedCount":0},"hypothesisId":"H7","location":"AnchorController.gd:_handle_right_click","message":"right click begin","runId":"run-1","sessionId":"6da914","timestamp":1783197465780.0}
{"data":{"carriedCount":0,"clickPos":{"x":-417.499938964844,"y":105.000061035156}},"hypothesisId":"H4","location":"AnchorController.gd:_try_interact","message":"interact start","runId":"run-1","sessionId":"6da914","timestamp":1783197465781.0}
{"data":{"anchorControllerNull":false,"itemNull":true,"itemValid":false,"node":"InteractRangeComponent","script":"res://scripts/components/DiningTableInteractable.gd"},"hypothesisId":"H10","location":"InteractableBase.gd:try_interact_ex","message":"enter try_interact_ex","runId":"run-2","sessionId":"6da914","timestamp":1783197465781.0}
{"data":{"target":"InteractRangeComponent"},"hypothesisId":"H4","location":"AnchorController.gd:_try_interact","message":"interact rejected","runId":"run-1","sessionId":"6da914","timestamp":1783197465782.0}
{"data":{"result":2},"hypothesisId":"H9","location":"AnchorController.gd:_handle_right_click","message":"interact attempt result","runId":"run-1","sessionId":"6da914","timestamp":1783197465783.0}
{"data":{"carriedCount":0,"hooksCount":0},"hypothesisId":"H18","location":"AnchorController.gd:_handle_right_click","message":"pickup branch not taken","runId":"run-1","sessionId":"6da914","timestamp":1783197465783.0}
{"data":{"clickDistToPlayer":129.293014526367,"deployMaxDistance":100.0,"dropMaxDistance":100.0,"interactRadius":200.0,"totalCapacity":1},"hypothesisId":"H13","location":"AnchorController.gd:_toggle_anchor_deploy","message":"deploy toggle requested","runId":"run-1","sessionId":"6da914","timestamp":1783197465784.0}
{"data":{"clickDistToPlayer":129.293014526367,"deployMaxDistance":100.0},"hypothesisId":"H13","location":"AnchorController.gd:_toggle_anchor_deploy","message":"deploy blocked by distance","runId":"run-1","sessionId":"6da914","timestamp":1783197465785.0}
{"data":{},"hypothesisId":"H9","location":"AnchorController.gd:_handle_right_click","message":"end by deploy toggle (all attempts exhausted)","runId":"run-1","sessionId":"6da914","timestamp":1783197465785.0}
{"data":{"carriedCount":0,"deployedCount":0},"hypothesisId":"H7","location":"AnchorController.gd:_handle_right_click","message":"right click begin","runId":"run-1","sessionId":"6da914","timestamp":1783197466718.0}
{"data":{"carriedCount":0,"clickPos":{"x":-383.749938964844,"y":97.5000610351563}},"hypothesisId":"H4","location":"AnchorController.gd:_try_interact","message":"interact start","runId":"run-1","sessionId":"6da914","timestamp":1783197466720.0}
{"data":{"anchorControllerNull":false,"itemNull":true,"itemValid":false,"node":"InteractRangeComponent","script":"res://scripts/components/DiningTableInteractable.gd"},"hypothesisId":"H10","location":"InteractableBase.gd:try_interact_ex","message":"enter try_interact_ex","runId":"run-2","sessionId":"6da914","timestamp":1783197466721.0}
{"data":{"target":"InteractRangeComponent"},"hypothesisId":"H4","location":"AnchorController.gd:_try_interact","message":"interact rejected","runId":"run-1","sessionId":"6da914","timestamp":1783197466722.0}
{"data":{"result":2},"hypothesisId":"H9","location":"AnchorController.gd:_handle_right_click","message":"interact attempt result","runId":"run-1","sessionId":"6da914","timestamp":1783197466722.0}
{"data":{"carriedCount":0,"hooksCount":0},"hypothesisId":"H18","location":"AnchorController.gd:_handle_right_click","message":"pickup branch not taken","runId":"run-1","sessionId":"6da914","timestamp":1783197466723.0}
{"data":{"clickDistToPlayer":154.26741027832,"deployMaxDistance":100.0,"dropMaxDistance":100.0,"interactRadius":200.0,"totalCapacity":1},"hypothesisId":"H13","location":"AnchorController.gd:_toggle_anchor_deploy","message":"deploy toggle requested","runId":"run-1","sessionId":"6da914","timestamp":1783197466724.0}
{"data":{"clickDistToPlayer":154.26741027832,"deployMaxDistance":100.0},"hypothesisId":"H13","location":"AnchorController.gd:_toggle_anchor_deploy","message":"deploy blocked by distance","runId":"run-1","sessionId":"6da914","timestamp":1783197466724.0}
{"data":{},"hypothesisId":"H9","location":"AnchorController.gd:_handle_right_click","message":"end by deploy toggle (all attempts exhausted)","runId":"run-1","sessionId":"6da914","timestamp":1783197466724.0}
{"data":{"carriedCount":0,"deployedCount":0},"hypothesisId":"H7","location":"AnchorController.gd:_handle_right_click","message":"right click begin","runId":"run-1","sessionId":"6da914","timestamp":1783197467227.0}
{"data":{"carriedCount":0,"clickPos":{"x":-467.499938964844,"y":120.000061035156}},"hypothesisId":"H4","location":"AnchorController.gd:_try_interact","message":"interact start","runId":"run-1","sessionId":"6da914","timestamp":1783197467228.0}
{"data":{"carriedIsPlate":false,"carriedPlateFoodType":-999,"interactRadius":200.0},"hypothesisId":"H16","location":"AnchorController.gd:_try_interact","message":"no interact target","runId":"run-1","sessionId":"6da914","timestamp":1783197467229.0}
{"data":{"result":0},"hypothesisId":"H9","location":"AnchorController.gd:_handle_right_click","message":"interact attempt result","runId":"run-1","sessionId":"6da914","timestamp":1783197467230.0}
{"data":{},"hypothesisId":"H9","location":"AnchorController.gd:_handle_right_click","message":"end by pickup nearby cargo","runId":"run-1","sessionId":"6da914","timestamp":1783197467231.0}
{"data":{"carriedCount":1,"deployedCount":0},"hypothesisId":"H7","location":"AnchorController.gd:_handle_right_click","message":"right click begin","runId":"run-1","sessionId":"6da914","timestamp":1783197467590.0}
{"data":{"carriedCount":1,"clickPos":{"x":-598.749938964844,"y":103.750061035156}},"hypothesisId":"H4","location":"AnchorController.gd:_try_interact","message":"interact start","runId":"run-1","sessionId":"6da914","timestamp":1783197467591.0}
{"data":{"carriedIsPlate":true,"carriedPlateFoodType":-1,"interactRadius":200.0},"hypothesisId":"H16","location":"AnchorController.gd:_try_interact","message":"no interact target","runId":"run-1","sessionId":"6da914","timestamp":1783197467592.0}
{"data":{"result":0},"hypothesisId":"H9","location":"AnchorController.gd:_handle_right_click","message":"interact attempt result","runId":"run-1","sessionId":"6da914","timestamp":1783197467593.0}
{"data":{"carriedName":"PlateCargo","carriedPlateFoodType":-1,"carriedWasPlate":true,"nearestFishDistToMouse":556.681274414063,"nearestFishDistToPlayer":516.498413085938,"nearestFishHookable":true,"nearestFishStateFoodType":0,"pickupClickRadius":28.0,"pickupMaxDistance":100.0},"hypothesisId":"H15","location":"AnchorController.gd:_handle_right_click","message":"enter drop-carried branch","runId":"run-1","sessionId":"6da914","timestamp":1783197467594.0}
{"data":{"cargo":"PlateCargo"},"hypothesisId":"H9","location":"AnchorController.gd:_handle_right_click","message":"end by drop carried","runId":"run-1","sessionId":"6da914","timestamp":1783197467596.0}
{"data":{"carriedCount":0,"deployedCount":0},"hypothesisId":"H7","location":"AnchorController.gd:_handle_right_click","message":"right click begin","runId":"run-1","sessionId":"6da914","timestamp":1783197469088.0}
{"data":{"carriedCount":0,"clickPos":{"x":-422.499938964844,"y":93.7500610351563}},"hypothesisId":"H4","location":"AnchorController.gd:_try_interact","message":"interact start","runId":"run-1","sessionId":"6da914","timestamp":1783197469089.0}
{"data":{"anchorControllerNull":false,"itemNull":true,"itemValid":false,"node":"InteractRangeComponent","script":"res://scripts/components/DiningTableInteractable.gd"},"hypothesisId":"H10","location":"InteractableBase.gd:try_interact_ex","message":"enter try_interact_ex","runId":"run-2","sessionId":"6da914","timestamp":1783197469090.0}
{"data":{"target":"InteractRangeComponent"},"hypothesisId":"H4","location":"AnchorController.gd:_try_interact","message":"interact rejected","runId":"run-1","sessionId":"6da914","timestamp":1783197469091.0}
{"data":{"result":2},"hypothesisId":"H9","location":"AnchorController.gd:_handle_right_click","message":"interact attempt result","runId":"run-1","sessionId":"6da914","timestamp":1783197469092.0}
{"data":{"carriedCount":0,"hooksCount":0},"hypothesisId":"H18","location":"AnchorController.gd:_handle_right_click","message":"pickup branch not taken","runId":"run-1","sessionId":"6da914","timestamp":1783197469092.0}
{"data":{"clickDistToPlayer":58.657772064209,"deployMaxDistance":100.0,"dropMaxDistance":100.0,"interactRadius":200.0,"totalCapacity":1},"hypothesisId":"H13","location":"AnchorController.gd:_toggle_anchor_deploy","message":"deploy toggle requested","runId":"run-1","sessionId":"6da914","timestamp":1783197469093.0}
{"data":{},"hypothesisId":"H9","location":"AnchorController.gd:_handle_right_click","message":"end by deploy toggle (all attempts exhausted)","runId":"run-1","sessionId":"6da914","timestamp":1783197469095.0}
{"data":{"carriedCount":0,"deployedCount":1},"hypothesisId":"H7","location":"AnchorController.gd:_handle_right_click","message":"right click begin","runId":"run-1","sessionId":"6da914","timestamp":1783197469446.0}
{"data":{"carriedCount":0,"clickPos":{"x":-651.249938964844,"y":77.5000610351563}},"hypothesisId":"H4","location":"AnchorController.gd:_try_interact","message":"interact start","runId":"run-1","sessionId":"6da914","timestamp":1783197469448.0}
{"data":{"carriedIsPlate":false,"carriedPlateFoodType":-999,"interactRadius":200.0},"hypothesisId":"H16","location":"AnchorController.gd:_try_interact","message":"no interact target","runId":"run-1","sessionId":"6da914","timestamp":1783197469448.0}
{"data":{"result":0},"hypothesisId":"H9","location":"AnchorController.gd:_handle_right_click","message":"interact attempt result","runId":"run-1","sessionId":"6da914","timestamp":1783197469449.0}
{"data":{"carriedCount":0,"hooksCount":0},"hypothesisId":"H18","location":"AnchorController.gd:_handle_right_click","message":"pickup branch not taken","runId":"run-1","sessionId":"6da914","timestamp":1783197469450.0}
{"data":{"clickDistToPlayer":181.897796630859,"deployMaxDistance":100.0,"dropMaxDistance":100.0,"interactRadius":200.0,"totalCapacity":1},"hypothesisId":"H13","location":"AnchorController.gd:_toggle_anchor_deploy","message":"deploy toggle requested","runId":"run-1","sessionId":"6da914","timestamp":1783197469450.0}
{"data":{"clickDistToPlayer":181.897796630859,"deployMaxDistance":100.0},"hypothesisId":"H13","location":"AnchorController.gd:_toggle_anchor_deploy","message":"deploy blocked by distance","runId":"run-1","sessionId":"6da914","timestamp":1783197469451.0}
{"data":{},"hypothesisId":"H9","location":"AnchorController.gd:_handle_right_click","message":"end by deploy toggle (all attempts exhausted)","runId":"run-1","sessionId":"6da914","timestamp":1783197469452.0}
{"data":{"carriedCount":0,"deployedCount":1},"hypothesisId":"H7","location":"AnchorController.gd:_handle_right_click","message":"right click begin","runId":"run-1","sessionId":"6da914","timestamp":1783197470477.0}
{"data":{},"hypothesisId":"H7","location":"AnchorController.gd:_handle_right_click","message":"end by retrieve deployed anchor first","runId":"run-1","sessionId":"6da914","timestamp":1783197470479.0}
{"data":{"carriedCount":0,"deployedCount":0},"hypothesisId":"H7","location":"AnchorController.gd:_handle_right_click","message":"right click begin","runId":"run-1","sessionId":"6da914","timestamp":1783197471863.0}
{"data":{"carriedCount":0,"clickPos":{"x":-486.249938964844,"y":112.500061035156}},"hypothesisId":"H4","location":"AnchorController.gd:_try_interact","message":"interact start","runId":"run-1","sessionId":"6da914","timestamp":1783197471864.0}
{"data":{"carriedIsPlate":false,"carriedPlateFoodType":-999,"interactRadius":200.0},"hypothesisId":"H16","location":"AnchorController.gd:_try_interact","message":"no interact target","runId":"run-1","sessionId":"6da914","timestamp":1783197471865.0}
{"data":{"result":0},"hypothesisId":"H9","location":"AnchorController.gd:_handle_right_click","message":"interact attempt result","runId":"run-1","sessionId":"6da914","timestamp":1783197471865.0}
{"data":{"carriedCount":0,"hooksCount":0},"hypothesisId":"H18","location":"AnchorController.gd:_handle_right_click","message":"pickup branch not taken","runId":"run-1","sessionId":"6da914","timestamp":1783197471866.0}
{"data":{"clickDistToPlayer":12.6322336196899,"deployMaxDistance":100.0,"dropMaxDistance":100.0,"interactRadius":200.0,"totalCapacity":1},"hypothesisId":"H13","location":"AnchorController.gd:_toggle_anchor_deploy","message":"deploy toggle requested","runId":"run-1","sessionId":"6da914","timestamp":1783197471866.0}
{"data":{},"hypothesisId":"H9","location":"AnchorController.gd:_handle_right_click","message":"end by deploy toggle (all attempts exhausted)","runId":"run-1","sessionId":"6da914","timestamp":1783197471868.0}
