{"data":{"name":"DiningTableInteractable","sceneLoaded":true},"hypothesisId":"H1","location":"MovableCargo.gd:_setup_right_click_prompt_bubble","message":"bubble scene load","sessionId":"b71327","timestamp":1783217787822.0}
{"data":{"name":"DiningTableInteractable","sceneLoaded":true},"hypothesisId":"H1","location":"MovableCargo.gd:_setup_right_click_prompt_bubble","message":"bubble scene load","sessionId":"b71327","timestamp":1783217787830.0}
{"data":{"name":"DiningTableInteractable","sceneLoaded":true},"hypothesisId":"H1","location":"MovableCargo.gd:_setup_right_click_prompt_bubble","message":"bubble scene load","sessionId":"b71327","timestamp":1783217787835.0}
{"data":{"name":"DiningTableInteractable2","sceneLoaded":true},"hypothesisId":"H1","location":"MovableCargo.gd:_setup_right_click_prompt_bubble","message":"bubble scene load","sessionId":"b71327","timestamp":1783217787840.0}
{"data":{"name":"DiningTableInteractable3","sceneLoaded":true},"hypothesisId":"H1","location":"MovableCargo.gd:_setup_right_click_prompt_bubble","message":"bubble scene load","sessionId":"b71327","timestamp":1783217787845.0}
{"data":{"name":"PotCargo","sceneLoaded":true},"hypothesisId":"H1","location":"MovableCargo.gd:_setup_right_click_prompt_bubble","message":"bubble scene load","sessionId":"b71327","timestamp":1783217787850.0}
{"data":{"name":"FryingPanCargo","sceneLoaded":true},"hypothesisId":"H1","location":"MovableCargo.gd:_setup_right_click_prompt_bubble","message":"bubble scene load","sessionId":"b71327","timestamp":1783217787855.0}
{"data":{"name":"CuttingBoardCargo","sceneLoaded":true},"hypothesisId":"H1","location":"MovableCargo.gd:_setup_right_click_prompt_bubble","message":"bubble scene load","sessionId":"b71327","timestamp":1783217787859.0}
{"data":{"hasCookPreview":false,"inTree":true,"interactable":"InteractRangeComponent"},"hypothesisId":"H3","location":"RightClickPromptBubble.gd:configure_interact","message":"interact bubble configured","sessionId":"b71327","timestamp":1783217787959.0}
{"data":{"bubbleInTree":true,"interactable":"InteractRangeComponent"},"hypothesisId":"H5","location":"InteractableBase.gd:_finish_right_click_prompt_setup","message":"deferred bubble setup done","sessionId":"b71327","timestamp":1783217787960.0}
{"data":{"hasCookPreview":false,"inTree":true,"interactable":"InteractRangeComponent"},"hypothesisId":"H3","location":"RightClickPromptBubble.gd:configure_interact","message":"interact bubble configured","sessionId":"b71327","timestamp":1783217787961.0}
{"data":{"bubbleInTree":true,"interactable":"InteractRangeComponent"},"hypothesisId":"H5","location":"InteractableBase.gd:_finish_right_click_prompt_setup","message":"deferred bubble setup done","sessionId":"b71327","timestamp":1783217787962.0}
{"data":{"hasCookPreview":false,"inTree":true,"interactable":"FruitTreeInteractable"},"hypothesisId":"H3","location":"RightClickPromptBubble.gd:configure_interact","message":"interact bubble configured","sessionId":"b71327","timestamp":1783217787963.0}
{"data":{"bubbleInTree":true,"interactable":"FruitTreeInteractable"},"hypothesisId":"H5","location":"InteractableBase.gd:_finish_right_click_prompt_setup","message":"deferred bubble setup done","sessionId":"b71327","timestamp":1783217787964.0}
{"data":{"hasCookPreview":false,"inTree":true,"interactable":"FruitTreeInteractable2"},"hypothesisId":"H3","location":"RightClickPromptBubble.gd:configure_interact","message":"interact bubble configured","sessionId":"b71327","timestamp":1783217787965.0}
{"data":{"bubbleInTree":true,"interactable":"FruitTreeInteractable2"},"hypothesisId":"H5","location":"InteractableBase.gd:_finish_right_click_prompt_setup","message":"deferred bubble setup done","sessionId":"b71327","timestamp":1783217787966.0}
{"data":{"hasCookPreview":false,"inTree":true,"interactable":"FruitTreeInteractable3"},"hypothesisId":"H3","location":"RightClickPromptBubble.gd:configure_interact","message":"interact bubble configured","sessionId":"b71327","timestamp":1783217787967.0}
{"data":{"bubbleInTree":true,"interactable":"FruitTreeInteractable3"},"hypothesisId":"H5","location":"InteractableBase.gd:_finish_right_click_prompt_setup","message":"deferred bubble setup done","sessionId":"b71327","timestamp":1783217787968.0}
{"data":{"hasCookPreview":false,"inTree":true,"interactable":"InteractRangeComponent"},"hypothesisId":"H3","location":"RightClickPromptBubble.gd:configure_interact","message":"interact bubble configured","sessionId":"b71327","timestamp":1783217787968.0}
{"data":{"bubbleInTree":true,"interactable":"InteractRangeComponent"},"hypothesisId":"H5","location":"InteractableBase.gd:_finish_right_click_prompt_setup","message":"deferred bubble setup done","sessionId":"b71327","timestamp":1783217787970.0}
{"data":{"hasCookPreview":false,"inTree":true,"interactable":"InteractRangeComponent"},"hypothesisId":"H3","location":"RightClickPromptBubble.gd:configure_interact","message":"interact bubble configured","sessionId":"b71327","timestamp":1783217787970.0}
{"data":{"bubbleInTree":true,"interactable":"InteractRangeComponent"},"hypothesisId":"H5","location":"InteractableBase.gd:_finish_right_click_prompt_setup","message":"deferred bubble setup done","sessionId":"b71327","timestamp":1783217787971.0}
{"data":{"hasCookPreview":false,"inTree":true,"interactable":"InteractRangeComponent"},"hypothesisId":"H3","location":"RightClickPromptBubble.gd:configure_interact","message":"interact bubble configured","sessionId":"b71327","timestamp":1783217787972.0}
{"data":{"bubbleInTree":true,"interactable":"InteractRangeComponent"},"hypothesisId":"H5","location":"InteractableBase.gd:_finish_right_click_prompt_setup","message":"deferred bubble setup done","sessionId":"b71327","timestamp":1783217787973.0}
{"data":{"hasCookPreview":false,"inTree":true,"interactable":"InteractRangeComponent"},"hypothesisId":"H3","location":"RightClickPromptBubble.gd:configure_interact","message":"interact bubble configured","sessionId":"b71327","timestamp":1783217787974.0}
{"data":{"bubbleInTree":true,"interactable":"InteractRangeComponent"},"hypothesisId":"H5","location":"InteractableBase.gd:_finish_right_click_prompt_setup","message":"deferred bubble setup done","sessionId":"b71327","timestamp":1783217787975.0}
{"data":{"hasCookPreview":false,"inTree":true,"interactable":"InteractRangeComponent"},"hypothesisId":"H3","location":"RightClickPromptBubble.gd:configure_interact","message":"interact bubble configured","sessionId":"b71327","timestamp":1783217787976.0}
{"data":{"bubbleInTree":true,"interactable":"InteractRangeComponent"},"hypothesisId":"H5","location":"InteractableBase.gd:_finish_right_click_prompt_setup","message":"deferred bubble setup done","sessionId":"b71327","timestamp":1783217787977.0}
{"data":{"hasCookPreview":false,"inTree":true,"interactable":"InteractRangeComponent"},"hypothesisId":"H3","location":"RightClickPromptBubble.gd:configure_interact","message":"interact bubble configured","sessionId":"b71327","timestamp":1783217787978.0}
{"data":{"bubbleInTree":true,"interactable":"InteractRangeComponent"},"hypothesisId":"H5","location":"InteractableBase.gd:_finish_right_click_prompt_setup","message":"deferred bubble setup done","sessionId":"b71327","timestamp":1783217787979.0}
{"data":{"hasCookPreview":false,"inTree":true,"interactable":"InteractRangeComponent"},"hypothesisId":"H3","location":"RightClickPromptBubble.gd:configure_interact","message":"interact bubble configured","sessionId":"b71327","timestamp":1783217787980.0}
{"data":{"bubbleInTree":true,"interactable":"InteractRangeComponent"},"hypothesisId":"H5","location":"InteractableBase.gd:_finish_right_click_prompt_setup","message":"deferred bubble setup done","sessionId":"b71327","timestamp":1783217787981.0}
{"data":{"hasCookPreview":false,"inTree":true,"interactable":"InteractRangeComponent"},"hypothesisId":"H3","location":"RightClickPromptBubble.gd:configure_interact","message":"interact bubble configured","sessionId":"b71327","timestamp":1783217787982.0}
{"data":{"bubbleInTree":true,"interactable":"InteractRangeComponent"},"hypothesisId":"H5","location":"InteractableBase.gd:_finish_right_click_prompt_setup","message":"deferred bubble setup done","sessionId":"b71327","timestamp":1783217787983.0}
{"data":{"hasCookPreview":false,"inTree":true,"interactable":"InteractRangeComponent"},"hypothesisId":"H3","location":"RightClickPromptBubble.gd:configure_interact","message":"interact bubble configured","sessionId":"b71327","timestamp":1783217787984.0}
{"data":{"bubbleInTree":true,"interactable":"InteractRangeComponent"},"hypothesisId":"H5","location":"InteractableBase.gd:_finish_right_click_prompt_setup","message":"deferred bubble setup done","sessionId":"b71327","timestamp":1783217787984.0}
{"data":{"hasCookPreview":false,"inTree":true,"interactable":"InteractRangeComponent"},"hypothesisId":"H3","location":"RightClickPromptBubble.gd:configure_interact","message":"interact bubble configured","sessionId":"b71327","timestamp":1783217787985.0}
{"data":{"bubbleInTree":true,"interactable":"InteractRangeComponent"},"hypothesisId":"H5","location":"InteractableBase.gd:_finish_right_click_prompt_setup","message":"deferred bubble setup done","sessionId":"b71327","timestamp":1783217787985.0}
{"data":{"hasCookPreview":false,"inTree":true,"interactable":"InteractRangeComponent"},"hypothesisId":"H3","location":"RightClickPromptBubble.gd:configure_interact","message":"interact bubble configured","sessionId":"b71327","timestamp":1783217787986.0}
{"data":{"bubbleInTree":true,"interactable":"InteractRangeComponent"},"hypothesisId":"H5","location":"InteractableBase.gd:_finish_right_click_prompt_setup","message":"deferred bubble setup done","sessionId":"b71327","timestamp":1783217787986.0}
{"data":{"hasCookPreview":true,"inTree":true,"interactable":"InteractRangeComponent"},"hypothesisId":"H3","location":"RightClickPromptBubble.gd:configure_interact","message":"interact bubble configured","sessionId":"b71327","timestamp":1783217787987.0}
{"data":{"bubbleInTree":true,"interactable":"InteractRangeComponent"},"hypothesisId":"H5","location":"InteractableBase.gd:_finish_right_click_prompt_setup","message":"deferred bubble setup done","sessionId":"b71327","timestamp":1783217787988.0}
{"data":{"hasCookPreview":true,"inTree":true,"interactable":"InteractRangeComponent"},"hypothesisId":"H3","location":"RightClickPromptBubble.gd:configure_interact","message":"interact bubble configured","sessionId":"b71327","timestamp":1783217787990.0}
{"data":{"bubbleInTree":true,"interactable":"InteractRangeComponent"},"hypothesisId":"H5","location":"InteractableBase.gd:_finish_right_click_prompt_setup","message":"deferred bubble setup done","sessionId":"b71327","timestamp":1783217787991.0}
{"data":{"hasCookPreview":true,"inTree":true,"interactable":"InteractRangeComponent"},"hypothesisId":"H3","location":"RightClickPromptBubble.gd:configure_interact","message":"interact bubble configured","sessionId":"b71327","timestamp":1783217787992.0}
{"data":{"bubbleInTree":true,"interactable":"InteractRangeComponent"},"hypothesisId":"H5","location":"InteractableBase.gd:_finish_right_click_prompt_setup","message":"deferred bubble setup done","sessionId":"b71327","timestamp":1783217787993.0}
{"data":{"hasAnchor":true,"hasPlayer":true,"hasTree":true,"mode":1,"shouldShow":false,"visible":false},"hypothesisId":"H4","location":"RightClickPromptBubble.gd:_process","message":"bubble state sample","sessionId":"b71327","timestamp":1783217788005.0}
{"data":{"hasAnchor":true,"hasPlayer":true,"hasTree":true,"mode":1,"shouldShow":false,"visible":false},"hypothesisId":"H4","location":"RightClickPromptBubble.gd:_process","message":"bubble state sample","sessionId":"b71327","timestamp":1783217788006.0}
{"data":{"hasAnchor":true,"hasPlayer":true,"hasTree":true,"mode":1,"shouldShow":false,"visible":false},"hypothesisId":"H4","location":"RightClickPromptBubble.gd:_process","message":"bubble state sample","sessionId":"b71327","timestamp":1783217788006.0}
{"data":{"hasAnchor":true,"hasPlayer":true,"hasTree":true,"mode":1,"shouldShow":false,"visible":false},"hypothesisId":"H4","location":"RightClickPromptBubble.gd:_process","message":"bubble state sample","sessionId":"b71327","timestamp":1783217788008.0}
{"data":{"hasAnchor":true,"hasPlayer":true,"hasTree":true,"mode":1,"shouldShow":false,"visible":false},"hypothesisId":"H4","location":"RightClickPromptBubble.gd:_process","message":"bubble state sample","sessionId":"b71327","timestamp":1783217788008.0}
{"data":{"hasAnchor":true,"hasPlayer":true,"hasTree":true,"mode":1,"shouldShow":false,"visible":false},"hypothesisId":"H4","location":"RightClickPromptBubble.gd:_process","message":"bubble state sample","sessionId":"b71327","timestamp":1783217788008.0}
{"data":{"hasAnchor":true,"hasPlayer":true,"hasTree":true,"mode":1,"shouldShow":false,"visible":false},"hypothesisId":"H4","location":"RightClickPromptBubble.gd:_process","message":"bubble state sample","sessionId":"b71327","timestamp":1783217788010.0}
{"data":{"hasAnchor":true,"hasPlayer":true,"hasTree":true,"mode":1,"shouldShow":false,"visible":false},"hypothesisId":"H4","location":"RightClickPromptBubble.gd:_process","message":"bubble state sample","sessionId":"b71327","timestamp":1783217788011.0}
{"data":{"hasAnchor":true,"hasPlayer":true,"hasTree":true,"mode":1,"shouldShow":false,"visible":false},"hypothesisId":"H4","location":"RightClickPromptBubble.gd:_process","message":"bubble state sample","sessionId":"b71327","timestamp":1783217788012.0}
{"data":{"hasAnchor":true,"hasPlayer":true,"hasTree":true,"mode":1,"shouldShow":false,"visible":false},"hypothesisId":"H4","location":"RightClickPromptBubble.gd:_process","message":"bubble state sample","sessionId":"b71327","timestamp":1783217788013.0}
{"data":{"hasAnchor":true,"hasPlayer":true,"hasTree":true,"mode":0,"shouldShow":false,"visible":false},"hypothesisId":"H4","location":"RightClickPromptBubble.gd:_process","message":"bubble state sample","sessionId":"b71327","timestamp":1783217788014.0}
{"data":{"hasAnchor":true,"hasPlayer":true,"hasTree":true,"mode":1,"shouldShow":false,"visible":false},"hypothesisId":"H4","location":"RightClickPromptBubble.gd:_process","message":"bubble state sample","sessionId":"b71327","timestamp":1783217788015.0}
{"data":{"hasAnchor":true,"hasPlayer":true,"hasTree":true,"mode":1,"shouldShow":false,"visible":false},"hypothesisId":"H4","location":"RightClickPromptBubble.gd:_process","message":"bubble state sample","sessionId":"b71327","timestamp":1783217788016.0}
{"data":{"hasAnchor":true,"hasPlayer":true,"hasTree":true,"mode":0,"shouldShow":false,"visible":false},"hypothesisId":"H4","location":"RightClickPromptBubble.gd:_process","message":"bubble state sample","sessionId":"b71327","timestamp":1783217788017.0}
{"data":{"hasAnchor":true,"hasPlayer":true,"hasTree":true,"mode":1,"shouldShow":false,"visible":false},"hypothesisId":"H4","location":"RightClickPromptBubble.gd:_process","message":"bubble state sample","sessionId":"b71327","timestamp":1783217788018.0}
{"data":{"hasAnchor":true,"hasPlayer":true,"hasTree":true,"mode":0,"shouldShow":false,"visible":false},"hypothesisId":"H4","location":"RightClickPromptBubble.gd:_process","message":"bubble state sample","sessionId":"b71327","timestamp":1783217788018.0}
{"data":{"hasAnchor":true,"hasPlayer":true,"hasTree":true,"mode":1,"shouldShow":false,"visible":false},"hypothesisId":"H4","location":"RightClickPromptBubble.gd:_process","message":"bubble state sample","sessionId":"b71327","timestamp":1783217788019.0}
{"data":{"hasAnchor":true,"hasPlayer":true,"hasTree":true,"mode":0,"shouldShow":false,"visible":false},"hypothesisId":"H4","location":"RightClickPromptBubble.gd:_process","message":"bubble state sample","sessionId":"b71327","timestamp":1783217788020.0}
{"data":{"hasAnchor":true,"hasPlayer":true,"hasTree":true,"mode":1,"shouldShow":false,"visible":false},"hypothesisId":"H4","location":"RightClickPromptBubble.gd:_process","message":"bubble state sample","sessionId":"b71327","timestamp":1783217788022.0}
{"data":{"hasAnchor":true,"hasPlayer":true,"hasTree":true,"mode":0,"shouldShow":false,"visible":false},"hypothesisId":"H4","location":"RightClickPromptBubble.gd:_process","message":"bubble state sample","sessionId":"b71327","timestamp":1783217788022.0}
{"data":{"hasAnchor":true,"hasPlayer":true,"hasTree":true,"mode":1,"shouldShow":false,"visible":false},"hypothesisId":"H4","location":"RightClickPromptBubble.gd:_process","message":"bubble state sample","sessionId":"b71327","timestamp":1783217788023.0}
{"data":{"hasAnchor":true,"hasPlayer":true,"hasTree":true,"mode":0,"shouldShow":false,"visible":false},"hypothesisId":"H4","location":"RightClickPromptBubble.gd:_process","message":"bubble state sample","sessionId":"b71327","timestamp":1783217788026.0}
{"data":{"hasAnchor":true,"hasPlayer":true,"hasTree":true,"mode":1,"shouldShow":false,"visible":false},"hypothesisId":"H4","location":"RightClickPromptBubble.gd:_process","message":"bubble state sample","sessionId":"b71327","timestamp":1783217788026.0}
{"data":{"hasAnchor":true,"hasPlayer":true,"hasTree":true,"mode":0,"shouldShow":false,"visible":false},"hypothesisId":"H4","location":"RightClickPromptBubble.gd:_process","message":"bubble state sample","sessionId":"b71327","timestamp":1783217788029.0}
{"data":{"hasAnchor":true,"hasPlayer":true,"hasTree":true,"mode":1,"shouldShow":false,"visible":false},"hypothesisId":"H4","location":"RightClickPromptBubble.gd:_process","message":"bubble state sample","sessionId":"b71327","timestamp":1783217788030.0}
{"data":{"hasAnchor":true,"hasPlayer":true,"hasTree":true,"mode":0,"shouldShow":false,"visible":false},"hypothesisId":"H4","location":"RightClickPromptBubble.gd:_process","message":"bubble state sample","sessionId":"b71327","timestamp":1783217788031.0}
{"data":{"hasAnchor":true,"hasPlayer":true,"hasTree":true,"mode":1,"shouldShow":false,"visible":false},"hypothesisId":"H4","location":"RightClickPromptBubble.gd:_process","message":"bubble state sample","sessionId":"b71327","timestamp":1783217788032.0}
